AA - HD.BMP      - /RD/1/SYSTREE                        - FILES           *
AB - FIRE.BMP    - /RD/1/FASM                           - FASM            *
AC - WRITE.BMP   - /RD/1/TINYPAD                        - WRITE           *
BA - HD.BMP      - /RD/1/AIRC                           - IRC             *
BB - HD.BMP      - /RD/1/STACKCFG                       - STACK           *
CA - CHESSI.BMP  - /RD/1/CHESS                          - CHESS           *
HA - HD.BMP      - /RD/1/CPU                            - PROCESS         *
IA - SETUP.BMP   - /RD/1/SETUP                          - SETUP           *
IB - HD.BMP      - /RD/1/C4                             - CONN4           *
JA - HD.BMP      - /RD/1/ICONMNGR                       - ICONS           *
JB - HD.BMP      - /RD/1/FREE3D04                       - MAZE            *
JC - HD.BMP      - /RD/1/TETRIS                         - TETRIS          *
JJ - HD.BMP      - /HD/1/MENUETOS/QUAKE/SDLQUAKE        - QUAKE           *
IJ - HD.BMP      - /HD/1/MENUETOS/DOOM/DOOM             - DOOM            *
